2025-10-21 07:33:31,647 - nerd.db.api - INFO - Database schema initialized successfully.
2025-10-21 07:33:31,648 - nerd.utils.paths - INFO - Created run directory: manuscript_pipeline/04_probe_tc_kinetics/probe_timecourse/probe_timecourse___cfg-bb6c57c
2025-10-21 07:33:31,648 - nerd.pipeline.tasks.base - INFO - Executing task 'probe_timecourse' in run directory: manuscript_pipeline/04_probe_tc_kinetics/probe_timecourse/probe_timecourse___cfg-bb6c57c
2025-10-21 07:33:31,649 - nerd.cli - ERROR - Failed to execute task 'probe_tc_kinetics': Invalid rg_id '16 (GAonly)' in probe_timecourse config.
Traceback (most recent call last):
  File "/Volumes/MiniVault/LucksLab Dropbox/LucksLab/Group_Members/EKC/Projects/EKC.01_SHAPE_Standardization/Experiments/01.065.refactoring_data_analysis/nerd/pipeline/tasks/timecourse.py", line 75, in prepare
    rg_ids.append(int(raw))
                  ^^^^^^^^
ValueError: invalid literal for int() with base 10: '16 (GAonly)'

The above exception was the direct cause of the following exception:

Traceback (most recent call last):
  File "/Volumes/MiniVault/LucksLab Dropbox/LucksLab/Group_Members/EKC/Projects/EKC.01_SHAPE_Standardization/Experiments/01.065.refactoring_data_analysis/nerd/cli.py", line 132, in run
    task.exec(conn, cfg, verbose=state["verbose"])
  File "/Volumes/MiniVault/LucksLab Dropbox/LucksLab/Group_Members/EKC/Projects/EKC.01_SHAPE_Standardization/Experiments/01.065.refactoring_data_analysis/nerd/pipeline/tasks/base.py", line 144, in exec
    inputs, params = self.prepare(cfg)
                     ^^^^^^^^^^^^^^^^^
  File "/Volumes/MiniVault/LucksLab Dropbox/LucksLab/Group_Members/EKC/Projects/EKC.01_SHAPE_Standardization/Experiments/01.065.refactoring_data_analysis/nerd/pipeline/tasks/timecourse.py", line 77, in prepare
    raise ValueError(f"Invalid rg_id '{raw}' in probe_timecourse config.") from exc
ValueError: Invalid rg_id '16 (GAonly)' in probe_timecourse config.
